[2026-02-11T06:31:37.859Z] Classification: {"intent":"search_products","params":{"category":"Desktops"},"confidence":0.95}
[2026-02-11T06:31:39.136Z] Clause Resolution: 2 available, Input: "Show me budget-friendly desktops", Matches: [{"canonical":"affordable","user_word":"budget-friendly"}]
[2026-02-11T06:31:46.709Z] Classification: {"intent":"search_products","params":{"category":"Smartphones","storage":"low"},"confidence":0.9}
[2026-02-11T06:31:48.828Z] Clause Resolution: 2 available, Input: "Show me phones with low storage for students", Matches: []
[2026-02-11T06:41:24.380Z] Classification: {"intent":"search_products","params":{"category":"Desktops"},"confidence":0.95}
[2026-02-11T06:41:25.410Z] Clause Resolution: 2 available, Input: "Show me budget-friendly desktops", Matches: [{"canonical":"affordable","user_word":"budget-friendly"}]
[2026-02-11T06:41:29.592Z] Classification: {"intent":"search_products","params":{"category":"Laptops & Computers","color":"colorful"},"confidence":0.9}
[2026-02-11T06:41:30.461Z] Clause Resolution: 5 available, Input: "I want colorful laptops", Matches: []
[2026-02-11T06:41:33.495Z] Classification: {"intent":"search_products","params":{"category":"Smartphones","storage":"low"},"confidence":0.9}
[2026-02-11T06:41:33.957Z] Clause Resolution: 2 available, Input: "Show me phones with low storage for students", Matches: []
[2026-02-11T06:42:02.079Z] Classification: {"intent":"search_products","params":{"category":"Desktops"},"confidence":0.95}
[2026-02-11T06:42:03.206Z] Clause Resolution: 2 available, Input: "Show me budget-friendly desktops", Matches: [{"canonical":"affordable","user_word":"budget-friendly"}]
[2026-02-11T06:42:06.648Z] Classification: {"intent":"search_products","params":{"category":"Laptops & Computers","color":"colorful"},"confidence":0.9}
[2026-02-11T06:42:07.294Z] Clause Resolution: 5 available, Input: "I want colorful laptops", Matches: []
[2026-02-11T06:42:11.445Z] Classification: {"intent":"search_products","params":{"category":"Smartphones","storage":"low"},"confidence":0.9}
[2026-02-11T06:42:12.279Z] Clause Resolution: 2 available, Input: "Show me phones with low storage for students", Matches: []
[2026-02-11T06:44:03.366Z] Classification: {"intent":"search_products","params":{"category":"Desktops"},"confidence":0.95}
[2026-02-11T06:44:04.455Z] Clause Resolution: 2 typical, Input: "Show me budget-friendly desktops", Matches: [{"canonical":"affordable","user_word":"budget-friendly"}]
[2026-02-11T06:44:08.040Z] Classification: {"intent":"search_products","params":{"category":"Laptops & Computers","color":"colorful"},"confidence":0.9}
[2026-02-11T06:44:08.949Z] Clause Resolution: 5 typical, Input: "I want colorful laptops", Matches: [{"canonical":"vibrant_color","user_word":"colorful"}]
[2026-02-11T06:44:12.835Z] Classification: {"intent":"search_products","params":{"category":"Smartphones","storage":"low"},"confidence":0.9}
[2026-02-11T06:44:13.561Z] Clause Resolution: 2 typical, Input: "Show me phones with low storage for students", Matches: []
[2026-02-11T06:47:01.602Z] Classification: {"intent":"search_products","params":{"category":"Desktops"},"confidence":0.95}
[2026-02-11T06:47:03.138Z] Clause Resolution: 2 typical, Input: "Show me budget-friendly desktops", Matches: [{"canonical":"affordable","user_word":"budget-friendly"}]
[2026-02-11T06:47:08.149Z] Classification: {"intent":"search_products","params":{"category":"Laptops","color":"colorful"},"confidence":0.9}
[2026-02-11T06:47:11.622Z] Classification: {"intent":"search_products","params":{"category":"Smartphones","storage":"low"},"confidence":0.9}
[2026-02-11T06:47:12.345Z] Clause Resolution: 2 typical, Input: "Show me phones with low storage for students", Matches: []
[2026-02-11T06:48:20.991Z] Classification: {"intent":"search_products","params":{"category":"Desktops"},"confidence":0.95}
[2026-02-11T06:48:23.237Z] Clause Resolution: 2 typical, Input: "Show me budget-friendly desktops", Matches: [{"canonical":"affordable","user_word":"budget-friendly"}]
[2026-02-11T06:50:31.610Z] Classification: {"intent":"search_products","params":{"category":"Desktops"},"confidence":0.95}
[2026-02-11T06:50:32.941Z] Clause Resolution: 2 typical, Input: "Show me budget-friendly desktops", Matches: [{"canonical":"affordable","user_word":"budget-friendly"}]
[2026-02-11T06:50:37.419Z] Classification: {"intent":"search_products","params":{"category":"Laptops","color":"colorful"},"confidence":0.9}
[2026-02-11T06:50:41.025Z] Classification: {"intent":"search_products","params":{"category":"Smartphones","storage":"low"},"confidence":0.9}
[2026-02-11T06:50:41.894Z] Clause Resolution: 2 typical, Input: "Show me phones with low storage for students", Matches: []
[2026-02-11T06:59:51.432Z] Classification: {"intent":"search_products","params":{"category":"Desktops"},"confidence":0.95}
[2026-02-11T06:59:52.698Z] Clause Resolution: 2 typical, Input: "Show me budget-friendly desktops", Matches: [{"canonical":"affordable","user_word":"budget-friendly"}]
[2026-02-11T06:59:55.964Z] Classification: {"intent":"search_products","params":{"category":"Laptops","color":"colorful"},"confidence":0.9}
[2026-02-11T06:59:59.025Z] Classification: {"intent":"search_products","params":{"category":"Smartphones","storage":"low"},"confidence":0.9}
[2026-02-11T07:00:00.231Z] Clause Resolution: 2 typical, Input: "Show me phones with low storage for students", Matches: []
[2026-02-11T07:11:01.442Z] Classification: {"intent":"search_products","params":{"category":"Desktops"},"confidence":0.95}
[2026-02-11T07:11:02.613Z] Clause Resolution: 2 typical, Input: "Show me budget-friendly desktops", Matches: [{"canonical":"affordable","user_word":"budget-friendly"}]
[2026-02-11T07:11:06.055Z] Classification: {"intent":"search_products","params":{"category":"Laptops","color":"colorful"},"confidence":0.9}
[2026-02-11T07:11:09.661Z] Classification: {"intent":"search_products","params":{"category":"Smartphones","storage":"low"},"confidence":0.9}
[2026-02-11T07:11:10.676Z] Clause Resolution: 2 typical, Input: "Show me phones with low storage for students", Matches: []
[2026-02-11T07:12:22.149Z] Clause Resolution: 2 typical, Input: "Show me budget-friendly desktops", Matches: [{"canonical":"affordable","user_word":"budget-friendly"}]
[2026-02-11T07:15:11.948Z] Clause Resolution: 2 typical, Input: "Show me budget-friendly desktops", Matches: [{"canonical":"affordable","user_word":"budget-friendly"}]
[2026-02-11T07:15:13.742Z] Clause Resolution: 5 typical, Input: "I want colorful laptops", Matches: [{"canonical":"vibrant_color","user_word":"colorful"}]
[2026-02-11T07:15:15.506Z] Clause Resolution: 2 typical, Input: "Show me phones with low storage for students", Matches: [{"canonical":"under_1000","user_word":"low storage"}]
[2026-02-11T07:23:25.214Z] Clause Resolution: 2 typical, Input: "Show me budget-friendly desktops", Matches: [{"canonical":"affordable","user_word":"budget-friendly"}]
[2026-02-11T07:23:29.160Z] Clause Resolution: 5 typical, Input: "I want colorful laptops", Matches: [{"canonical":"vibrant_color","user_word":"colorful"}]
[2026-02-11T07:39:18.008Z] Clause Resolution: 3 typical, Input: "Show me budget-friendly desktops", Matches: [{"canonical":"affordable","user_word":"budget-friendly"}]
[2026-02-11T07:39:27.049Z] Clause Resolution: 3 typical, Input: "Show me phones with low storage for students", Matches: [{"canonical":"under_1000","user_word":"low storage"}]
[2026-02-11T07:47:01.337Z] Clause Resolution: 3 typical, Input: "Show me budget-friendly desktops", Matches: [{"canonical":"affordable","user_word":"budget-friendly"}]
[2026-02-11T07:51:22.177Z] Clause Resolution: 3 typical, Input: "Show me budget-friendly desktops", Matches: [{"canonical":"affordable","user_word":"budget-friendly"}]
[2026-02-11T07:52:21.788Z] Clause Resolution: 3 typical, Input: "Show me budget-friendly desktops", Matches: [{"canonical":"affordable","user_word":"budget-friendly"}]
[2026-02-11T07:56:24.057Z] Clause Resolution: 4 typical, Input: "show me cheap android phones", Matches: [{"canonical":"affordable","user_word":"cheap"}]
[2026-02-11T07:57:08.795Z] Clause Resolution: 3 typical, Input: "i need smartphones by apple", Matches: [{"canonical":"apple_product","user_word":"apple"}]
[2026-02-11T08:04:36.796Z] Clause Resolution: 3 typical, Input: "i need android phones below $500", Matches: [{"canonical":"under_1000","user_word":"below $500"}]
[2026-02-11T08:10:39.095Z] Clause Resolution: 2 typical, Input: "i need tablets by apple", Matches: [{"canonical":"apple_product","user_word":"apple"}]
[2026-02-11T08:19:59.584Z] Clause Resolution: 3 typical, Input: "i need smartphones created by infinix", Matches: [{"canonical":"infinix_product","user_word":"created by infinix"}]
[2026-02-11T08:31:33.462Z] Clause Resolution: 3 typical, Input: "i need iphones below $500", Matches: [{"canonical":"affordable","user_word":"below $500"}]
[2026-02-11T08:40:12.614Z] Clause Resolution: 2 typical, Input: "Show me budget-friendly desktops", Matches: [{"canonical":"affordable","user_word":"budget-friendly"}]
